// Jest Snapshot v1, https://goo.gl/fbAQLP

exports[`Should render AddExpensePage correctly 1`] = `
<div>
  <div
    className="px-3 bg-light py-4"
  >
    <div
      className="content-container py-2"
    >
      <h1>
        Add Expense
      </h1>
    </div>
  </div>
  <div
    className="content-container my-4"
  >
    <ExpenseForm
      onSubmit={[Function]}
    />
  </div>
</div>
`;
