// Jest Snapshot v1, https://goo.gl/fbAQLP

exports[`Should render EditExpensePage correctly 1`] = `
<div>
  <div
    className="px-3 bg-light py-4"
  >
    <div
      className="content-container py-2"
    >
      <h1>
        Edit Expense
      </h1>
    </div>
  </div>
  <div
    className="content-container my-4"
  >
    <div
      className="d-flex flex-column"
    >
      <div>
        <ExpenseForm
          editForm={true}
          expense={
            Object {
              "amount": 4500,
              "createdAt": 345600000,
              "description": "creditcard",
              "id": "3",
              "note": "",
            }
          }
          onSubmit={[Function]}
        />
      </div>
      <div
        className="col-sm-12 col-xl-3"
      >
        <button
          className="btn btn-darkred w-100"
          onClick={[Function]}
        >
          Remove Expense
        </button>
      </div>
    </div>
  </div>
</div>
`;
