// Jest Snapshot v1, https://goo.gl/fbAQLP

exports[`Should render EditExpensePage correctly 1`] = `
<div>
  <div
    className="px-3 bg-light py-4"
  >
    <div
      className="content-container py-2"
    >
      <h1>
        Edit Expense
      </h1>
    </div>
  </div>
  <div
    className="content-container my-4"
  >
    <ExpenseForm
      editForm={true}
      expense={
        Object {
          "amount": 4500,
          "createdAt": 345600000,
          "description": "creditcard",
          "id": "3",
          "note": "",
        }
      }
      onSubmit={[Function]}
    />
  </div>
  <div
    className="content-container"
  >
    <button
      className="btn btn-darkdanger"
      onClick={[Function]}
    >
      Remove Expense
    </button>
  </div>
</div>
`;
