// Jest Snapshot v1, https://goo.gl/fbAQLP

exports[`Should render ExpenseDashboardPage 1`] = `
<div
  className="d-flex justify-content-between flex-column"
>
  <Connect(ExpensesSummary) />
  <div
    className="fieldgroup content-container flex-column w-100"
  >
    <Connect(ExpenseListFilters) />
    <Connect(ExpenseList) />
  </div>
</div>
`;
